                                      1 ;--------------------------------------------------------
                                      2 ; File Created by SDCC : free open source ANSI-C Compiler
                                      3 ; Version 4.1.4 #12212 (Linux)
                                      4 ;--------------------------------------------------------
                                      5 	.module heap
                                      6 	.optsdcc -mz80
                                      7 	
                                      8 ;--------------------------------------------------------
                                      9 ; Public variables in this module
                                     10 ;--------------------------------------------------------
                                     11 	.globl _malloc
                                     12 ;--------------------------------------------------------
                                     13 ; special function registers
                                     14 ;--------------------------------------------------------
                                     15 ;--------------------------------------------------------
                                     16 ; ram data
                                     17 ;--------------------------------------------------------
                                     18 	.area _DATA
                                     19 ;--------------------------------------------------------
                                     20 ; ram data
                                     21 ;--------------------------------------------------------
                                     22 	.area _INITIALIZED
                                     23 ;--------------------------------------------------------
                                     24 ; absolute external ram data
                                     25 ;--------------------------------------------------------
                                     26 	.area _DABS (ABS)
                                     27 ;--------------------------------------------------------
                                     28 ; global & static initialisations
                                     29 ;--------------------------------------------------------
                                     30 	.area _HOME
                                     31 	.area _GSINIT
                                     32 	.area _GSFINAL
                                     33 	.area _GSINIT
                                     34 ;--------------------------------------------------------
                                     35 ; Home
                                     36 ;--------------------------------------------------------
                                     37 	.area _HOME
                                     38 	.area _HOME
                                     39 ;--------------------------------------------------------
                                     40 ; code
                                     41 ;--------------------------------------------------------
                                     42 	.area _CODE
                                     43 ;heap.c:7: void *malloc(uint16_t size) {
                                     44 ;	---------------------------------
                                     45 ; Function malloc
                                     46 ; ---------------------------------
      000000                         47 _malloc::
                                     48 ;heap.c:8: uint8_t *ret = heap_top;
      000000 ED 5Br00r00      [20]   49 	ld	de, (_heap_top)
                                     50 ;heap.c:9: heap_top += size;
      000004 21 02 00         [10]   51 	ld	hl, #2
      000007 39               [11]   52 	add	hl, sp
      000008 D5               [11]   53 	push	de
      000009 11r00r00         [10]   54 	ld	de, #_heap_top
      00000C 1A               [ 7]   55 	ld	a, (de)
      00000D 86               [ 7]   56 	add	a, (hl)
      00000E 23               [ 6]   57 	inc	hl
      00000F 12               [ 7]   58 	ld	(de), a
      000010 13               [ 6]   59 	inc	de
      000011 1A               [ 7]   60 	ld	a, (de)
      000012 8E               [ 7]   61 	adc	a, (hl)
      000013 12               [ 7]   62 	ld	(de), a
      000014 D1               [10]   63 	pop	de
                                     64 ;heap.c:10: return (void *) ret;
      000015 EB               [ 4]   65 	ex	de, hl
                                     66 ;heap.c:11: }
      000016 C9               [10]   67 	ret
                                     68 	.area _CODE
                                     69 	.area _INITIALIZER
                                     70 	.area _CABS (ABS)
